#-----------------------------------------------------------
# Vivado v2016.2 (64-bit)
# SW Build 1577090 on Thu Jun  2 16:32:40 MDT 2016
# IP Build 1577682 on Fri Jun  3 12:00:54 MDT 2016
# Start of session at: Thu Sep 15 20:02:09 2016
# Process ID: 65056
# Current directory: C:/Users/jsequeira/Proyectos/Karat/Karat_FPGA_Viv
# Command line: vivado.exe -gui_launcher_event rodinguilauncherevent45316 C:\Users\jsequeira\Proyectos\Karat\Karat_FPGA_Viv\Kat_FPGA.xpr
# Log file: C:/Users/jsequeira/Proyectos/Karat/Karat_FPGA_Viv/vivado.log
# Journal file: C:/Users/jsequeira/Proyectos/Karat/Karat_FPGA_Viv\vivado.jou
#-----------------------------------------------------------
start_gui
open_project C:/Users/jsequeira/Proyectos/Karat/Karat_FPGA_Viv/Kat_FPGA.xpr
update_compile_order -fileset sources_1
open_project C:/Users/jsequeira/Documents/Floating-Point-Unit-master/Coprocesador_CORDIC_RTL/CORDIC_Jef/CORDIC_Jef.xpr
update_compile_order -fileset sources_1
current_project Kat_FPGA
update_compile_order -fileset sources_1
current_project CORDIC_Jef
archive_project C:/Users/jsequeira/Documents/Floating-Point-Unit-master/Coprocesador_CORDIC_RTL/CORDIC_Jef.xpr.zip -temp_dir C:/Users/jsequeira/Proyectos/Karat/Karat_FPGA_Viv/.Xil/Vivado-65056-RDS1 -force
archive_project C:/Users/jsequeira/Proyectos/CORDIC_Jef.xpr.zip -temp_dir C:/Users/jsequeira/Proyectos/Karat/Karat_FPGA_Viv/.Xil/Vivado-65056-RDS1 -force -include_config_settings
save_project_as CORDICO C:/Users/jsequeira/Proyectos/CORDICO -force
import_files
close_project
close_project
open_project C:/Users/jsequeira/Proyectos/CORDICO/CORDICO.xpr
update_compile_order -fileset sources_1
archive_project C:/Users/jsequeira/Proyectos/CORDICO.xpr.zip -temp_dir C:/Users/jsequeira/Proyectos/Karat/Karat_FPGA_Viv/.Xil/Vivado-65056-RDS1 -force -include_config_settings
