#-----------------------------------------------------------
# Webtalk v2016.2 (64-bit)
# SW Build 1577090 on Thu Jun  2 16:32:35 MDT 2016
# IP Build 1577682 on Fri Jun  3 12:00:54 MDT 2016
# Start of session at: Tue Oct  4 00:49:59 2016
# Process ID: 12429
# Current directory: /home/jorge/Documents/Karatsuba_FPU/Resultados/CORDIC/CORDIC_Arch3_Vivado/CORDIC_Arch3_Vivado.sim/FPADD_vector_test_SINGLE/behav
# Command line: wbtcv -mode batch -source /home/jorge/Documents/Karatsuba_FPU/Resultados/CORDIC/CORDIC_Arch3_Vivado/CORDIC_Arch3_Vivado.sim/FPADD_vector_test_SINGLE/behav/xsim.dir/tb_FPU_PIPELINED_FPADDSUB2_vector_testing_behav/webtalk/xsim_webtalk.tcl -notrace
# Log file: /home/jorge/Documents/Karatsuba_FPU/Resultados/CORDIC/CORDIC_Arch3_Vivado/CORDIC_Arch3_Vivado.sim/FPADD_vector_test_SINGLE/behav/webtalk.log
# Journal file: /home/jorge/Documents/Karatsuba_FPU/Resultados/CORDIC/CORDIC_Arch3_Vivado/CORDIC_Arch3_Vivado.sim/FPADD_vector_test_SINGLE/behav/webtalk.jou
#-----------------------------------------------------------
source /home/jorge/Documents/Karatsuba_FPU/Resultados/CORDIC/CORDIC_Arch3_Vivado/CORDIC_Arch3_Vivado.sim/FPADD_vector_test_SINGLE/behav/xsim.dir/tb_FPU_PIPELINED_FPADDSUB2_vector_testing_behav/webtalk/xsim_webtalk.tcl -notrace
